[INFO] Scanning for projects...
[INFO] 
[INFO] -------< org.springframework.samples:spring-petclinic-migrated >--------
[INFO] Building Spring Petclinic - Migrated 2.0.0-SNAPSHOT
[INFO]   from pom.xml
[INFO] --------------------------------[ war ]---------------------------------
[INFO] 
[INFO] --- resources:3.3.1:resources (default-resources) @ spring-petclinic-migrated ---
[WARNING] Using platform encoding (UTF-8 actually) to copy filtered resources, i.e. build is platform dependent!
[INFO] Copying 5 resources from src\main\resources to target\classes
[INFO] 
[INFO] --- compiler:3.13.0:compile (default-compile) @ spring-petclinic-migrated ---
[INFO] Nothing to compile - all classes are up to date.
[INFO] 
[INFO] --- resources:3.3.1:testResources (default-testResources) @ spring-petclinic-migrated ---
[WARNING] Using platform encoding (UTF-8 actually) to copy filtered resources, i.e. build is platform dependent!
[INFO] skip non existing resourceDirectory C:\petclinic\spring-petclinic-migrated-21\src\test\resources
[INFO] 
[INFO] --- compiler:3.13.0:testCompile (default-testCompile) @ spring-petclinic-migrated ---
[INFO] Nothing to compile - all classes are up to date.
[INFO] 
[INFO] --- surefire:3.2.5:test (default-test) @ spring-petclinic-migrated ---
[INFO] Using auto detected provider org.apache.maven.surefire.junitplatform.JUnitPlatformProvider
[INFO] 
[INFO] -------------------------------------------------------
[INFO]  T E S T S
[INFO] -------------------------------------------------------
[INFO] Running org.springframework.samples.petclinic.aspect.AuditLoggingAspectTests
mvn : WARNING: A Java agent has been loaded dynamically (C:\Users\srine
\.m2\repository\net\bytebuddy\byte-buddy-agent\1.14.15\byte-buddy-agent
-1.14.15.jar)
At line:1 char:50
+ ... env:JAVA_HOME = "C:\Program Files\Java\jdk-21"; mvn test 2>&1 | 
Tee-O ...
+                                                     ~~~~~~~~~~~~~
    + CategoryInfo          : NotSpecified: (WARNING: A Java...nt-1.14 
   .15.jar):String) [], RemoteException
    + FullyQualifiedErrorId : NativeCommandError
 
WARNING: If a serviceability tool is in use, please run with 
-XX:+EnableDynamicAgentLoading to hide this warning
WARNING: If a serviceability tool is not in use, please run with 
-Djdk.instrument.traceUsage for more information
WARNING: Dynamic loading of agents will be disallowed by default in a 
future release
Java HotSpot(TM) 64-Bit Server VM warning: Sharing is only supported 
for boot loader classes because bootstrap classpath has been appended
SLF4J: No SLF4J providers were found.
SLF4J: Defaulting to no-operation (NOP) logger implementation
SLF4J: See https://www.slf4j.org/codes.html#noProviders for further 
details.
Jan 06, 2026 10:06:09 AM 
org.springframework.samples.petclinic.model.BaseEntity setId
INFO: Setting ID to: 1
Jan 06, 2026 10:06:09 AM 
org.springframework.samples.petclinic.model.AuditLog setEntityType
INFO: Setting entity type to: Owner
Jan 06, 2026 10:06:09 AM 
org.springframework.samples.petclinic.model.BaseEntity getId
INFO: Getting ID: 1
Jan 06, 2026 10:06:09 AM 
org.springframework.samples.petclinic.model.AuditLog setEntityId
INFO: Setting entity ID to: 1
Jan 06, 2026 10:06:09 AM 
org.springframework.samples.petclinic.model.AuditLog setAction
INFO: Setting action to: UPDATE
Jan 06, 2026 10:06:09 AM 
org.springframework.samples.petclinic.model.AuditLog setTimestamp
INFO: Setting timestamp to: 2026-01-06T10:06:09.970865800
Jan 06, 2026 10:06:09 AM 
org.springframework.samples.petclinic.model.AuditLog setUserId
INFO: Setting user ID to: anonymous
Jan 06, 2026 10:06:09 AM 
org.springframework.samples.petclinic.model.AuditLog setTraceId
INFO: Setting trace ID to: null
Jan 06, 2026 10:06:09 AM 
org.springframework.samples.petclinic.model.BaseEntity getId
INFO: Getting ID: 1
Jan 06, 2026 10:06:09 AM 
org.springframework.samples.petclinic.model.Person getLastName
INFO: Getting last name: null
Jan 06, 2026 10:06:09 AM 
org.springframework.samples.petclinic.model.Person getFirstName
INFO: Getting first name: null
Jan 06, 2026 10:06:09 AM 
org.springframework.samples.petclinic.model.AuditLog setNewValue
INFO: Setting new value to: [Owner@298d9a05 id = 1, new = false, 
lastName = [null], firstName = [null], address = '', city = [null], 
telephone = '']
Jan 06, 2026 10:06:09 AM 
org.springframework.samples.petclinic.model.AuditLog getAction
INFO: Getting action: UPDATE
Jan 06, 2026 10:06:09 AM 
org.springframework.samples.petclinic.model.AuditLog getEntityType
INFO: Getting entity type: Owner
Jan 06, 2026 10:06:09 AM 
org.springframework.samples.petclinic.model.AuditLog getEntityId
INFO: Getting entity ID: 1
[INFO] Tests run: 2, Failures: 0, Errors: 0, Skipped: 0, Time elapsed: 1.300 s -- in org.springframework.samples.petclinic.aspect.AuditLoggingAspectTests
[INFO] Running org.springframework.samples.petclinic.aspect.LoggingAspectTests
[INFO] Tests run: 2, Failures: 0, Errors: 0, Skipped: 0, Time elapsed: 0.142 s -- in org.springframework.samples.petclinic.aspect.LoggingAspectTests
[INFO] Running org.springframework.samples.petclinic.aspect.MetricsAspectTests
[INFO] Tests run: 1, Failures: 0, Errors: 0, Skipped: 0, Time elapsed: 0.238 s -- in org.springframework.samples.petclinic.aspect.MetricsAspectTests
[INFO] Running org.springframework.samples.petclinic.config.CacheConfigTests
[INFO] Tests run: 1, Failures: 0, Errors: 0, Skipped: 0, Time elapsed: 0.048 s -- in org.springframework.samples.petclinic.config.CacheConfigTests
[INFO] Running org.springframework.samples.petclinic.config.DataSourceConfigTests
[INFO] Tests run: 2, Failures: 0, Errors: 0, Skipped: 0, Time elapsed: 0.435 s -- in org.springframework.samples.petclinic.config.DataSourceConfigTests
[INFO] Running org.springframework.samples.petclinic.config.JpaConfigTests
[INFO] Tests run: 2, Failures: 0, Errors: 0, Skipped: 0, Time elapsed: 0.111 s -- in org.springframework.samples.petclinic.config.JpaConfigTests
[INFO] Running org.springframework.samples.petclinic.config.ObservabilityConfigTests
[INFO] Tests run: 1, Failures: 0, Errors: 0, Skipped: 0, Time elapsed: 0.173 s -- in org.springframework.samples.petclinic.config.ObservabilityConfigTests
[INFO] Running org.springframework.samples.petclinic.config.ResilienceConfigTests
[INFO] Tests run: 1, Failures: 0, Errors: 0, Skipped: 0, Time elapsed: 0.018 s -- in org.springframework.samples.petclinic.config.ResilienceConfigTests
[INFO] Running org.springframework.samples.petclinic.config.WebMvcConfigTests
[INFO] Tests run: 4, Failures: 0, Errors: 0, Skipped: 0, Time elapsed: 0.170 s -- in org.springframework.samples.petclinic.config.WebMvcConfigTests
[INFO] Running org.springframework.samples.petclinic.repository.AuditLogRepositoryTests
Jan 06, 2026 10:06:12 AM org.hibernate.jpa.internal.util.LogHelper 
logPersistenceUnitInformation
INFO: HHH000204: Processing PersistenceUnitInfo [name: default]
Jan 06, 2026 10:06:12 AM org.hibernate.Version logVersion
INFO: HHH000412: Hibernate ORM core version 6.6.4.Final
Jan 06, 2026 10:06:12 AM 
org.hibernate.cache.internal.RegionFactoryInitiator initiateService
INFO: HHH000025: Second-level cache region factory 
[org.hibernate.cache.jcache.internal.JCacheRegionFactory]
Jan 06, 2026 10:06:12 AM 
org.hibernate.engine.jdbc.dialect.internal.DialectFactoryImpl 
constructDialect
WARN: HHH90000025: H2Dialect does not need to be specified explicitly 
using 'hibernate.dialect' (remove the property setting and it will be 
selected by default)
Jan 06, 2026 10:06:12 AM 
org.hibernate.engine.jdbc.env.internal.JdbcEnvironmentInitiator 
initiateService
INFO: HHH10001005: Database info:
	Database JDBC URL [Connecting through datasource 'org.springframework.
jdbc.datasource.embedded.EmbeddedDatabaseFactory$EmbeddedDataSourceProx
y@6eed46e9']
	Database driver: undefined/unknown
	Database version: 2.3.232
	Autocommit mode: undefined/unknown
	Isolation level: undefined/unknown
	Minimum pool size: undefined/unknown
	Maximum pool size: undefined/unknown
Jan 06, 2026 10:06:12 AM org.hibernate.validator.internal.util.Version 
<clinit>
INFO: HV000001: Hibernate Validator 8.0.1.Final
Jan 06, 2026 10:06:13 AM org.hibernate.engine.transaction.jta.platform.
internal.JtaPlatformInitiator initiateService
INFO: HHH000489: No JTA platform available (set 
'hibernate.transaction.jta.platform' to enable JTA platform 
integration)
ANTLR Tool version 4.13.0 used for code generation does not match the 
current runtime version 4.10
ANTLR Runtime version 4.13.0 used for parser compilation does not 
match the current runtime version 4.10
ANTLR Tool version 4.13.0 used for code generation does not match the 
current runtime version 4.10
ANTLR Runtime version 4.13.0 used for parser compilation does not 
match the current runtime version 4.10
Jan 06, 2026 10:06:14 AM 
org.springframework.samples.petclinic.model.AuditLog setEntityType
INFO: Setting entity type to: Owner
Jan 06, 2026 10:06:14 AM 
org.springframework.samples.petclinic.model.AuditLog setEntityId
INFO: Setting entity ID to: 1
Jan 06, 2026 10:06:14 AM 
org.springframework.samples.petclinic.model.AuditLog setAction
INFO: Setting action to: CREATE
Jan 06, 2026 10:06:14 AM 
org.springframework.samples.petclinic.model.AuditLog setUserId
INFO: Setting user ID to: user
Jan 06, 2026 10:06:14 AM 
org.springframework.samples.petclinic.model.AuditLog setTimestamp
INFO: Setting timestamp to: 2026-01-06T10:06:14.994222800
[INFO] Tests run: 1, Failures: 0, Errors: 0, Skipped: 0, Time elapsed: 3.881 s -- in org.springframework.samples.petclinic.repository.AuditLogRepositoryTests
[INFO] Running org.springframework.samples.petclinic.repository.OwnerRepositoryTests
Jan 06, 2026 10:06:15 AM 
org.springframework.samples.petclinic.model.Person setFirstName
INFO: Setting first name to: George
Jan 06, 2026 10:06:15 AM 
org.springframework.samples.petclinic.model.Person setLastName
INFO: Setting last name to: Franklin
Jan 06, 2026 10:06:15 AM 
org.springframework.samples.petclinic.model.Owner setAddress
INFO: Setting address
Jan 06, 2026 10:06:15 AM 
org.springframework.samples.petclinic.model.Owner setCity
INFO: Setting city
Jan 06, 2026 10:06:15 AM 
org.springframework.samples.petclinic.model.Owner setTelephone
INFO: Setting telephone
Jan 06, 2026 10:06:15 AM 
org.hibernate.query.sqm.internal.AbstractSqmSelectionQuery 
errorOrLogForPaginationWithCollectionFetch
WARN: HHH90003004: firstResult/maxResults specified with collection 
fetch; applying in memory
Jan 06, 2026 10:06:15 AM 
org.springframework.samples.petclinic.model.Person getLastName
INFO: Getting last name: Franklin
Jan 06, 2026 10:06:15 AM 
org.springframework.samples.petclinic.model.Person setFirstName
INFO: Setting first name to: George
Jan 06, 2026 10:06:15 AM 
org.springframework.samples.petclinic.model.Person setLastName
INFO: Setting last name to: Franklin
Jan 06, 2026 10:06:15 AM 
org.springframework.samples.petclinic.model.Owner setAddress
INFO: Setting address
Jan 06, 2026 10:06:15 AM 
org.springframework.samples.petclinic.model.Owner setCity
INFO: Setting city
Jan 06, 2026 10:06:15 AM 
org.springframework.samples.petclinic.model.Owner setTelephone
INFO: Setting telephone
Jan 06, 2026 10:06:15 AM 
org.springframework.samples.petclinic.model.BaseEntity getId
INFO: Getting ID: 2
Jan 06, 2026 10:06:15 AM 
org.springframework.samples.petclinic.model.Person getLastName
INFO: Getting last name: Franklin
[INFO] Tests run: 2, Failures: 0, Errors: 0, Skipped: 0, Time elapsed: 0.116 s -- in org.springframework.samples.petclinic.repository.OwnerRepositoryTests
[INFO] Running org.springframework.samples.petclinic.repository.PetRepositoryTests
Jan 06, 2026 10:06:15 AM 
org.springframework.samples.petclinic.model.PetType setName
INFO: Setting pet type name to: Cat
Jan 06, 2026 10:06:15 AM 
org.springframework.samples.petclinic.model.NamedEntity setName
INFO: Setting name to: Cat
Jan 06, 2026 10:06:15 AM 
org.springframework.samples.petclinic.model.PetType setName
INFO: Setting pet type name to: Dog
Jan 06, 2026 10:06:15 AM 
org.springframework.samples.petclinic.model.NamedEntity setName
INFO: Setting name to: Dog
Jan 06, 2026 10:06:15 AM 
org.springframework.samples.petclinic.model.NamedEntity getName
INFO: Getting name: Cat
Jan 06, 2026 10:06:15 AM 
org.springframework.samples.petclinic.model.PetType getName
INFO: Getting pet type name: Cat
Jan 06, 2026 10:06:15 AM 
org.springframework.samples.petclinic.model.NamedEntity getName
INFO: Getting name: Cat
Jan 06, 2026 10:06:15 AM 
org.springframework.samples.petclinic.model.NamedEntity getName
INFO: Getting name: Cat
Jan 06, 2026 10:06:15 AM 
org.springframework.samples.petclinic.model.PetType getName
INFO: Getting pet type name: Cat
Jan 06, 2026 10:06:15 AM 
org.springframework.samples.petclinic.model.NamedEntity getName
INFO: Getting name: Cat
Jan 06, 2026 10:06:15 AM 
org.springframework.samples.petclinic.model.NamedEntity getName
INFO: Getting name: Dog
Jan 06, 2026 10:06:15 AM 
org.springframework.samples.petclinic.model.PetType getName
INFO: Getting pet type name: Dog
Jan 06, 2026 10:06:15 AM 
org.springframework.samples.petclinic.model.NamedEntity getName
INFO: Getting name: Dog
Jan 06, 2026 10:06:15 AM 
org.springframework.samples.petclinic.model.NamedEntity getName
INFO: Getting name: Dog
Jan 06, 2026 10:06:15 AM 
org.springframework.samples.petclinic.model.PetType getName
INFO: Getting pet type name: Dog
Jan 06, 2026 10:06:15 AM 
org.springframework.samples.petclinic.model.NamedEntity getName
INFO: Getting name: Dog
[INFO] Tests run: 1, Failures: 0, Errors: 0, Skipped: 0, Time elapsed: 0.028 s -- in org.springframework.samples.petclinic.repository.PetRepositoryTests
[INFO] Running org.springframework.samples.petclinic.repository.VetRepositoryTests
Jan 06, 2026 10:06:15 AM 
org.springframework.samples.petclinic.model.Person setFirstName
INFO: Setting first name to: James
Jan 06, 2026 10:06:15 AM 
org.springframework.samples.petclinic.model.Person setLastName
INFO: Setting last name to: Carter
Jan 06, 2026 10:06:15 AM 
org.springframework.samples.petclinic.model.Person getLastName
INFO: Getting last name: Carter
[INFO] Tests run: 1, Failures: 0, Errors: 0, Skipped: 0, Time elapsed: 0.012 s -- in org.springframework.samples.petclinic.repository.VetRepositoryTests
[INFO] Running org.springframework.samples.petclinic.repository.VisitRepositoryTests
Jan 06, 2026 10:06:15 AM 
org.springframework.samples.petclinic.model.PetType setName
INFO: Setting pet type name to: Dog
Jan 06, 2026 10:06:15 AM 
org.springframework.samples.petclinic.model.NamedEntity setName
INFO: Setting name to: Dog
Jan 06, 2026 10:06:15 AM 
org.springframework.samples.petclinic.model.NamedEntity setName
INFO: Setting name to: Rosy
Jan 06, 2026 10:06:15 AM 
org.springframework.samples.petclinic.model.Pet setBirthDate
INFO: Setting birth date to: 2026-01-06
Jan 06, 2026 10:06:15 AM 
org.springframework.samples.petclinic.model.NamedEntity getName
INFO: Getting name: Dog
Jan 06, 2026 10:06:15 AM 
org.springframework.samples.petclinic.model.PetType getName
INFO: Getting pet type name: Dog
Jan 06, 2026 10:06:15 AM 
org.springframework.samples.petclinic.model.NamedEntity getName
INFO: Getting name: Dog
Jan 06, 2026 10:06:15 AM 
org.springframework.samples.petclinic.model.Pet setType
INFO: Setting pet type to: Dog
Jan 06, 2026 10:06:15 AM 
org.springframework.samples.petclinic.model.NamedEntity getName
INFO: Getting name: Rosy
Jan 06, 2026 10:06:15 AM 
org.springframework.samples.petclinic.model.Visit setPet
INFO: Setting pet to: Rosy
Jan 06, 2026 10:06:15 AM 
org.springframework.samples.petclinic.model.Visit setDate
INFO: Setting date to: 2026-01-06
Jan 06, 2026 10:06:15 AM 
org.springframework.samples.petclinic.model.Visit setDescription
INFO: Setting description to: Rabies verify
Jan 06, 2026 10:06:15 AM 
org.springframework.samples.petclinic.model.BaseEntity getId
INFO: Getting ID: 1
Jan 06, 2026 10:06:15 AM 
org.springframework.samples.petclinic.model.Visit getDescription
INFO: Getting description: Rabies verify
[INFO] Tests run: 1, Failures: 0, Errors: 0, Skipped: 0, Time elapsed: 0.038 s -- in org.springframework.samples.petclinic.repository.VisitRepositoryTests
[INFO] Running org.springframework.samples.petclinic.service.ClinicServiceImplTests
Jan 06, 2026 10:06:15 AM 
org.springframework.samples.petclinic.model.BaseEntity setId
INFO: Setting ID to: 1
Jan 06, 2026 10:06:15 AM 
org.springframework.samples.petclinic.model.BaseEntity getId
INFO: Getting ID: 1
[INFO] Tests run: 2, Failures: 0, Errors: 0, Skipped: 0, Time elapsed: 0.212 s -- in org.springframework.samples.petclinic.service.ClinicServiceImplTests
[INFO] Running org.springframework.samples.petclinic.web.OwnerControllerTests
Jan 06, 2026 10:06:16 AM 
org.springframework.samples.petclinic.model.BaseEntity setId
INFO: Setting ID to: 1
Jan 06, 2026 10:06:16 AM 
org.springframework.samples.petclinic.model.Owner getCity
INFO: Getting city
Jan 06, 2026 10:06:16 AM 
org.springframework.samples.petclinic.model.Owner setCity
INFO: Setting city
Jan 06, 2026 10:06:16 AM 
org.springframework.samples.petclinic.model.Person getFirstName
INFO: Getting first name: null
Jan 06, 2026 10:06:16 AM 
org.springframework.samples.petclinic.model.Person setFirstName
INFO: Setting first name to: Joe
Jan 06, 2026 10:06:16 AM 
org.springframework.samples.petclinic.model.Person getLastName
INFO: Getting last name: null
Jan 06, 2026 10:06:16 AM 
org.springframework.samples.petclinic.model.Person setLastName
INFO: Setting last name to: Bloggs
[INFO] Tests run: 3, Failures: 0, Errors: 0, Skipped: 0, Time elapsed: 0.429 s -- in org.springframework.samples.petclinic.web.OwnerControllerTests
[INFO] Running org.springframework.samples.petclinic.web.PetControllerTests
Jan 06, 2026 10:06:16 AM 
org.springframework.samples.petclinic.model.BaseEntity setId
INFO: Setting ID to: 3
Jan 06, 2026 10:06:16 AM 
org.springframework.samples.petclinic.model.PetType setName
INFO: Setting pet type name to: hamster
Jan 06, 2026 10:06:16 AM 
org.springframework.samples.petclinic.model.NamedEntity setName
INFO: Setting name to: hamster
Jan 06, 2026 10:06:16 AM 
org.springframework.samples.petclinic.model.Pet getBirthDate
INFO: Getting birth date: null
Jan 06, 2026 10:06:16 AM 
org.springframework.samples.petclinic.model.Pet setBirthDate
INFO: Setting birth date to: 2015-02-12
Jan 06, 2026 10:06:16 AM 
org.springframework.samples.petclinic.model.NamedEntity getName
INFO: Getting name: null
Jan 06, 2026 10:06:16 AM 
org.springframework.samples.petclinic.model.NamedEntity setName
INFO: Setting name to: Betty
Jan 06, 2026 10:06:16 AM 
org.springframework.samples.petclinic.model.Pet getType
INFO: Getting pet type: null
Jan 06, 2026 10:06:16 AM 
org.springframework.samples.petclinic.model.NamedEntity getName
INFO: Getting name: hamster
Jan 06, 2026 10:06:16 AM 
org.springframework.samples.petclinic.model.PetType getName
INFO: Getting pet type name: hamster
Jan 06, 2026 10:06:16 AM 
org.springframework.samples.petclinic.model.NamedEntity getName
INFO: Getting name: hamster
Jan 06, 2026 10:06:16 AM 
org.springframework.samples.petclinic.model.NamedEntity getName
INFO: Getting name: hamster
Jan 06, 2026 10:06:16 AM 
org.springframework.samples.petclinic.model.PetType getName
INFO: Getting pet type name: hamster
Jan 06, 2026 10:06:16 AM 
org.springframework.samples.petclinic.model.NamedEntity getName
INFO: Getting name: hamster
Jan 06, 2026 10:06:16 AM 
org.springframework.samples.petclinic.model.Pet setType
INFO: Setting pet type to: hamster
Jan 06, 2026 10:06:16 AM 
org.springframework.samples.petclinic.model.NamedEntity getName
INFO: Getting name: Betty
Jan 06, 2026 10:06:16 AM 
org.springframework.samples.petclinic.model.NamedEntity getName
INFO: Getting name: Betty
Jan 06, 2026 10:06:16 AM 
org.springframework.samples.petclinic.model.Owner getPet
INFO: Getting pet by name: Betty, ignoreNew: true
Jan 06, 2026 10:06:16 AM 
org.springframework.samples.petclinic.model.NamedEntity getName
INFO: Getting name: Betty
Jan 06, 2026 10:06:16 AM 
org.springframework.samples.petclinic.model.Owner addPet
INFO: Adding pet: Betty
Jan 06, 2026 10:06:16 AM 
org.springframework.samples.petclinic.model.BaseEntity getId
INFO: Getting ID: null
Jan 06, 2026 10:06:16 AM 
org.springframework.samples.petclinic.model.Person getLastName
INFO: Getting last name: null
Jan 06, 2026 10:06:16 AM 
org.springframework.samples.petclinic.model.Person getFirstName
INFO: Getting first name: null
Jan 06, 2026 10:06:16 AM 
org.springframework.samples.petclinic.model.Pet setOwner
INFO: Setting owner to: [Owner@623f27a9 id = [null], new = true, 
lastName = [null], firstName = [null], address = '', city = [null], 
telephone = '']
Jan 06, 2026 10:06:16 AM 
org.springframework.samples.petclinic.model.NamedEntity getName
INFO: Getting name: Betty
Jan 06, 2026 10:06:16 AM 
org.springframework.samples.petclinic.model.NamedEntity setName
INFO: Setting name to: Betty
Jan 06, 2026 10:06:16 AM 
org.springframework.samples.petclinic.model.BaseEntity setId
INFO: Setting ID to: 3
Jan 06, 2026 10:06:16 AM 
org.springframework.samples.petclinic.model.PetType setName
INFO: Setting pet type name to: hamster
Jan 06, 2026 10:06:16 AM 
org.springframework.samples.petclinic.model.NamedEntity setName
INFO: Setting name to: hamster
Jan 06, 2026 10:06:16 AM 
org.springframework.samples.petclinic.model.Pet getBirthDate
INFO: Getting birth date: null
Jan 06, 2026 10:06:16 AM 
org.springframework.samples.petclinic.model.Pet setBirthDate
INFO: Setting birth date to: 2015-02-12
Jan 06, 2026 10:06:16 AM 
org.springframework.samples.petclinic.model.NamedEntity getName
INFO: Getting name: null
Jan 06, 2026 10:06:16 AM 
org.springframework.samples.petclinic.model.NamedEntity setName
INFO: Setting name to: Betty
Jan 06, 2026 10:06:16 AM 
org.springframework.samples.petclinic.model.Pet getType
INFO: Getting pet type: null
Jan 06, 2026 10:06:16 AM 
org.springframework.samples.petclinic.model.NamedEntity getName
INFO: Getting name: hamster
Jan 06, 2026 10:06:16 AM 
org.springframework.samples.petclinic.model.PetType getName
INFO: Getting pet type name: hamster
Jan 06, 2026 10:06:16 AM 
org.springframework.samples.petclinic.model.NamedEntity getName
INFO: Getting name: hamster
Jan 06, 2026 10:06:16 AM 
org.springframework.samples.petclinic.model.NamedEntity getName
INFO: Getting name: hamster
Jan 06, 2026 10:06:16 AM 
org.springframework.samples.petclinic.model.PetType getName
INFO: Getting pet type name: hamster
Jan 06, 2026 10:06:16 AM 
org.springframework.samples.petclinic.model.NamedEntity getName
INFO: Getting name: hamster
Jan 06, 2026 10:06:16 AM 
org.springframework.samples.petclinic.model.Pet setType
INFO: Setting pet type to: hamster
Jan 06, 2026 10:06:16 AM 
org.springframework.samples.petclinic.model.NamedEntity getName
INFO: Getting name: Betty
Jan 06, 2026 10:06:16 AM 
org.springframework.samples.petclinic.model.Owner addPet
INFO: Adding pet: Betty
Jan 06, 2026 10:06:16 AM 
org.springframework.samples.petclinic.model.BaseEntity getId
INFO: Getting ID: null
Jan 06, 2026 10:06:16 AM 
org.springframework.samples.petclinic.model.Person getLastName
INFO: Getting last name: null
Jan 06, 2026 10:06:16 AM 
org.springframework.samples.petclinic.model.Person getFirstName
INFO: Getting first name: null
Jan 06, 2026 10:06:16 AM 
org.springframework.samples.petclinic.model.Pet setOwner
INFO: Setting owner to: [Owner@580930b7 id = [null], new = true, 
lastName = [null], firstName = [null], address = '', city = [null], 
telephone = '']
Jan 06, 2026 10:06:16 AM 
org.springframework.samples.petclinic.model.NamedEntity getName
INFO: Getting name: Betty
Jan 06, 2026 10:06:16 AM 
org.springframework.samples.petclinic.model.NamedEntity setName
INFO: Setting name to: Betty
Jan 06, 2026 10:06:16 AM 
org.springframework.samples.petclinic.model.BaseEntity setId
INFO: Setting ID to: 3
Jan 06, 2026 10:06:16 AM 
org.springframework.samples.petclinic.model.PetType setName
INFO: Setting pet type name to: hamster
Jan 06, 2026 10:06:16 AM 
org.springframework.samples.petclinic.model.NamedEntity setName
INFO: Setting name to: hamster
Jan 06, 2026 10:06:16 AM 
org.springframework.samples.petclinic.model.BaseEntity setId
INFO: Setting ID to: 3
Jan 06, 2026 10:06:16 AM 
org.springframework.samples.petclinic.model.PetType setName
INFO: Setting pet type name to: hamster
Jan 06, 2026 10:06:16 AM 
org.springframework.samples.petclinic.model.NamedEntity setName
INFO: Setting name to: hamster
Jan 06, 2026 10:06:16 AM 
org.springframework.samples.petclinic.model.NamedEntity getName
INFO: Getting name: null
Jan 06, 2026 10:06:16 AM 
org.springframework.samples.petclinic.model.Owner addPet
INFO: Adding pet: null
Jan 06, 2026 10:06:16 AM 
org.springframework.samples.petclinic.model.BaseEntity getId
INFO: Getting ID: null
Jan 06, 2026 10:06:16 AM 
org.springframework.samples.petclinic.model.Person getLastName
INFO: Getting last name: null
Jan 06, 2026 10:06:16 AM 
org.springframework.samples.petclinic.model.Person getFirstName
INFO: Getting first name: null
Jan 06, 2026 10:06:16 AM 
org.springframework.samples.petclinic.model.Pet setOwner
INFO: Setting owner to: [Owner@38b14624 id = [null], new = true, 
lastName = [null], firstName = [null], address = '', city = [null], 
telephone = '']
Jan 06, 2026 10:06:16 AM 
org.springframework.samples.petclinic.model.BaseEntity setId
INFO: Setting ID to: 3
Jan 06, 2026 10:06:16 AM 
org.springframework.samples.petclinic.model.PetType setName
INFO: Setting pet type name to: hamster
Jan 06, 2026 10:06:16 AM 
org.springframework.samples.petclinic.model.NamedEntity setName
INFO: Setting name to: hamster
Jan 06, 2026 10:06:16 AM 
org.springframework.samples.petclinic.model.Pet getBirthDate
INFO: Getting birth date: null
Jan 06, 2026 10:06:16 AM 
org.springframework.samples.petclinic.model.Pet setBirthDate
INFO: Setting birth date to: 2015-02-12
Jan 06, 2026 10:06:16 AM 
org.springframework.samples.petclinic.model.NamedEntity getName
INFO: Getting name: null
Jan 06, 2026 10:06:16 AM 
org.springframework.samples.petclinic.model.NamedEntity setName
INFO: Setting name to: Betty
Jan 06, 2026 10:06:16 AM 
org.springframework.samples.petclinic.model.NamedEntity getName
INFO: Getting name: Betty
Jan 06, 2026 10:06:16 AM 
org.springframework.samples.petclinic.model.NamedEntity getName
INFO: Getting name: Betty
Jan 06, 2026 10:06:16 AM 
org.springframework.samples.petclinic.model.Owner getPet
INFO: Getting pet by name: Betty, ignoreNew: true
Jan 06, 2026 10:06:16 AM 
org.springframework.samples.petclinic.model.NamedEntity getName
INFO: Getting name: Betty
Jan 06, 2026 10:06:16 AM 
org.springframework.samples.petclinic.model.Owner addPet
INFO: Adding pet: Betty
Jan 06, 2026 10:06:16 AM 
org.springframework.samples.petclinic.model.BaseEntity getId
INFO: Getting ID: null
Jan 06, 2026 10:06:16 AM 
org.springframework.samples.petclinic.model.Person getLastName
INFO: Getting last name: null
Jan 06, 2026 10:06:16 AM 
org.springframework.samples.petclinic.model.Person getFirstName
INFO: Getting first name: null
Jan 06, 2026 10:06:16 AM 
org.springframework.samples.petclinic.model.Pet setOwner
INFO: Setting owner to: [Owner@37d6a6b6 id = [null], new = true, 
lastName = [null], firstName = [null], address = '', city = [null], 
telephone = '']
Jan 06, 2026 10:06:16 AM 
org.springframework.samples.petclinic.model.BaseEntity setId
INFO: Setting ID to: 3
Jan 06, 2026 10:06:16 AM 
org.springframework.samples.petclinic.model.PetType setName
INFO: Setting pet type name to: hamster
Jan 06, 2026 10:06:16 AM 
org.springframework.samples.petclinic.model.NamedEntity setName
INFO: Setting name to: hamster
Jan 06, 2026 10:06:16 AM 
org.springframework.samples.petclinic.model.Pet getBirthDate
INFO: Getting birth date: null
Jan 06, 2026 10:06:16 AM 
org.springframework.samples.petclinic.model.NamedEntity getName
INFO: Getting name: null
Jan 06, 2026 10:06:16 AM 
org.springframework.samples.petclinic.model.NamedEntity setName
INFO: Setting name to: Betty
Jan 06, 2026 10:06:16 AM 
org.springframework.samples.petclinic.model.BaseEntity getId
INFO: Getting ID: null
Jan 06, 2026 10:06:16 AM 
org.springframework.samples.petclinic.model.Person getLastName
INFO: Getting last name: null
Jan 06, 2026 10:06:16 AM 
org.springframework.samples.petclinic.model.Person getFirstName
INFO: Getting first name: null
Jan 06, 2026 10:06:16 AM 
org.springframework.samples.petclinic.model.Pet setOwner
INFO: Setting owner to: [Owner@350a7383 id = [null], new = true, 
lastName = [null], firstName = [null], address = '', city = [null], 
telephone = '']
[INFO] Tests run: 6, Failures: 0, Errors: 0, Skipped: 0, Time elapsed: 0.162 s -- in org.springframework.samples.petclinic.web.PetControllerTests
[INFO] Running org.springframework.samples.petclinic.web.VetControllerTests
Jan 06, 2026 10:06:16 AM 
org.springframework.samples.petclinic.model.Person setFirstName
INFO: Setting first name to: James
Jan 06, 2026 10:06:16 AM 
org.springframework.samples.petclinic.model.Person setLastName
INFO: Setting last name to: Carter
Jan 06, 2026 10:06:16 AM 
org.springframework.samples.petclinic.model.BaseEntity setId
INFO: Setting ID to: 1
Jan 06, 2026 10:06:16 AM 
org.springframework.samples.petclinic.model.BaseEntity setId
INFO: Setting ID to: 1
Jan 06, 2026 10:06:16 AM 
org.springframework.samples.petclinic.model.Specialty setName
INFO: Setting specialty name to: radiology
Jan 06, 2026 10:06:16 AM 
org.springframework.samples.petclinic.model.NamedEntity setName
INFO: Setting name to: radiology
Jan 06, 2026 10:06:16 AM 
org.springframework.samples.petclinic.model.NamedEntity getName
INFO: Getting name: radiology
Jan 06, 2026 10:06:16 AM 
org.springframework.samples.petclinic.model.Specialty getName
INFO: Getting specialty name: radiology
Jan 06, 2026 10:06:16 AM 
org.springframework.samples.petclinic.model.NamedEntity getName
INFO: Getting name: radiology
Jan 06, 2026 10:06:16 AM 
org.springframework.samples.petclinic.model.Vet addSpecialty
INFO: Adding specialty: radiology
Jan 06, 2026 10:06:16 AM 
org.springframework.samples.petclinic.model.Vets getVetList
INFO: Getting vet list
[INFO] Tests run: 1, Failures: 0, Errors: 0, Skipped: 0, Time elapsed: 0.026 s -- in org.springframework.samples.petclinic.web.VetControllerTests
[INFO] Running org.springframework.samples.petclinic.web.VisitControllerTests
Jan 06, 2026 10:06:16 AM 
org.springframework.samples.petclinic.model.BaseEntity setId
INFO: Setting ID to: 1
Jan 06, 2026 10:06:16 AM 
org.springframework.samples.petclinic.model.NamedEntity getName
INFO: Getting name: null
Jan 06, 2026 10:06:16 AM 
org.springframework.samples.petclinic.model.Visit setPet
INFO: Setting pet to: null
Jan 06, 2026 10:06:16 AM 
org.springframework.samples.petclinic.model.BaseEntity setId
INFO: Setting ID to: 1
Jan 06, 2026 10:06:16 AM 
org.springframework.samples.petclinic.model.NamedEntity getName
INFO: Getting name: null
Jan 06, 2026 10:06:16 AM 
org.springframework.samples.petclinic.model.Visit setPet
INFO: Setting pet to: null
Jan 06, 2026 10:06:16 AM 
org.springframework.samples.petclinic.model.Visit getDescription
INFO: Getting description: null
Jan 06, 2026 10:06:16 AM 
org.springframework.samples.petclinic.model.Visit setDescription
INFO: Setting description to: Visit Description
Jan 06, 2026 10:06:16 AM 
org.springframework.samples.petclinic.model.Visit getDescription
INFO: Getting description: Visit Description
Jan 06, 2026 10:06:16 AM 
org.springframework.samples.petclinic.model.Visit setDescription
INFO: Setting description to: Visit Description
Jan 06, 2026 10:06:16 AM 
org.springframework.samples.petclinic.model.BaseEntity setId
INFO: Setting ID to: 1
Jan 06, 2026 10:06:16 AM 
org.springframework.samples.petclinic.model.NamedEntity getName
INFO: Getting name: null
Jan 06, 2026 10:06:16 AM 
org.springframework.samples.petclinic.model.Visit setPet
INFO: Setting pet to: null
[INFO] Tests run: 3, Failures: 0, Errors: 0, Skipped: 0, Time elapsed: 0.061 s -- in org.springframework.samples.petclinic.web.VisitControllerTests
[INFO] Running org.springframework.samples.petclinic.web.WelcomeControllerTests
[INFO] Tests run: 1, Failures: 0, Errors: 0, Skipped: 0, Time elapsed: 0.008 s -- in org.springframework.samples.petclinic.web.WelcomeControllerTests
[INFO] 
[INFO] Results:
[INFO] 
[INFO] Tests run: 38, Failures: 0, Errors: 0, Skipped: 0
[INFO] 
[INFO] ------------------------------------------------------------------------
[INFO] BUILD SUCCESS
[INFO] ------------------------------------------------------------------------
[INFO] Total time:  10.132 s
[INFO] Finished at: 2026-01-06T10:06:16+05:30
[INFO] ------------------------------------------------------------------------
